// Jest Snapshot v1, https://goo.gl/fbAQLP

exports[`DataTable should match snapshot 1`] = `
<div>
  <div
    class="sc-iwjezw hCrrAM"
  >
    <div
      class="sc-cxpRKc iYuJDK"
    >
      <div
        class="sc-llYToB laTVUo"
      >
        <div
          class="sc-giYgFv eKVwNd"
        >
          <svg
            aria-hidden="true"
            class="prefix__octicon prefix__octicon-issue-opened"
            height="1em"
            viewBox="0 0 16 16"
            width="1em"
          >
            <title>
              Open Issues
            </title>
            <path
              d="M8 1.5a6.5 6.5 0 100 13 6.5 6.5 0 000-13zM0 8a8 8 0 1116 0A8 8 0 010 8zm9 3a1 1 0 11-2 0 1 1 0 012 0zm-.25-6.25a.75.75 0 00-1.5 0v3.5a.75.75 0 001.5 0v-3.5z"
              fill-rule="evenodd"
            />
          </svg>
          10
           Open
        </div>
        <div
          class="sc-giYgFv hNVFYo"
        >
          <svg
            aria-hidden="true"
            class="prefix__octicon prefix__octicon-check"
            height="1em"
            viewBox="0 0 16 16"
            width="1em"
          >
            <title>
              Closed Issues
            </title>
            <path
              d="M13.78 4.22a.75.75 0 010 1.06l-7.25 7.25a.75.75 0 01-1.06 0L2.22 9.28a.75.75 0 011.06-1.06L6 10.94l6.72-6.72a.75.75 0 011.06 0z"
              fill-rule="evenodd"
            />
          </svg>
          10
           Closed
        </div>
      </div>
      <div
        class="sc-iJKOzS fVdXfj"
      >
        No issues found.
      </div>
    </div>
    <div
      class="sc-bdvvaa ePfWPJ"
    >
      <div>
        <button
          class="sc-gsDJrp eMQOXM"
          data-testid="prev-btn"
        >
          Previous
        </button>
        <button
          class="sc-gsDJrp gTcmdc"
        >
          1
        </button>
        <button
          class="sc-gsDJrp inDnEA"
        >
          2
        </button>
        <button
          class="sc-gsDJrp inDnEA"
          data-testid="next-btn"
        >
          Next
        </button>
      </div>
    </div>
  </div>
</div>
`;
