// Jest Snapshot v1, https://goo.gl/fbAQLP

exports[`DetailPage should match snapshot 1`] = `
<div>
  <div
    class="sc-crHlIS jkdymW"
  >
    <div
      class="sc-egiSv kwgRtk"
    >
      <h2
        class="sc-jRQAMF iYUFVx"
        type="h2"
      >
        reactjs / reactjs.org - Issues #1
      </h2>
    </div>
    <div
      class="sc-bqiQRQ ihGzzV"
    >
      <div
        class="sc-ksdxAp kHMzp"
      >
        <a
          class="sc-fotPbf jRYRWA"
          href="/"
        >
          ‚ùÆ Back
        </a>
        <div
          class="sc-hBURRC eNVwmm"
        >
          <div
            class="sc-ieebsP higNQB"
          >
            <svg
              class="sc-gsDJrp hiSWTT"
              height="48"
              viewBox="0 0 48 48"
              width="48"
            >
              <circle
                cx="24"
                cy="4"
                fill="#000"
                r="4"
              />
              <circle
                cx="12.19"
                cy="7.86"
                fill="#000"
                r="3.7"
              />
              <circle
                cx="5.02"
                cy="17.68"
                fill="#000"
                r="3.4"
              />
              <circle
                cx="5.02"
                cy="30.32"
                fill="#000"
                r="3.1"
              />
              <circle
                cx="12.19"
                cy="40.14"
                fill="#000"
                r="2.8"
              />
              <circle
                cx="24"
                cy="44"
                fill="#000"
                r="2.5"
              />
              <circle
                cx="35.81"
                cy="40.14"
                fill="#000"
                r="2.2"
              />
              <circle
                cx="42.98"
                cy="30.32"
                fill="#000"
                r="1.9"
              />
              <circle
                cx="42.98"
                cy="17.68"
                fill="#000"
                r="1.6"
              />
              <circle
                cx="35.81"
                cy="7.86"
                fill="#000"
                r="1.3"
              />
            </svg>
          </div>
        </div>
      </div>
    </div>
  </div>
</div>
`;
